log log log log lol log
